[Nest] 9936  - 15/08/2026, 19:32:37     LOG [NestFactory] Starting Nest application...
[Nest] 9936  - 15/08/2026, 19:32:37     LOG [InstanceLoader] TypeOrmModule dependencies initialized +22ms
[Nest] 9936  - 15/08/2026, 19:32:37     LOG [InstanceLoader] ThrottlerModule dependencies initialized +1ms
[Nest] 9936  - 15/08/2026, 19:32:37     LOG [InstanceLoader] ConfigHostModule dependencies initialized +0ms
[Nest] 9936  - 15/08/2026, 19:32:37     LOG [InstanceLoader] DiscoveryModule dependencies initialized +1ms
[Nest] 9936  - 15/08/2026, 19:32:37     LOG [InstanceLoader] AppModule dependencies initialized +0ms
[Nest] 9936  - 15/08/2026, 19:32:37     LOG [InstanceLoader] ConfigModule dependencies initialized +0ms
[Nest] 9936  - 15/08/2026, 19:32:37     LOG [InstanceLoader] ScheduleModule dependencies initialized +1ms
[Nest] 9936  - 15/08/2026, 19:32:37     LOG [InstanceLoader] MediaModule dependencies initialized +39ms
[Nest] 9936  - 15/08/2026, 19:32:42     LOG [InstanceLoader] TypeOrmCoreModule dependencies initialized +4677ms
[Nest] 9936  - 15/08/2026, 19:32:42     LOG [InstanceLoader] TypeOrmModule dependencies initialized +2ms
[Nest] 9936  - 15/08/2026, 19:32:42     LOG [InstanceLoader] TypeOrmModule dependencies initialized +0ms
[Nest] 9936  - 15/08/2026, 19:32:42     LOG [InstanceLoader] TypeOrmModule dependencies initialized +1ms
[Nest] 9936  - 15/08/2026, 19:32:42     LOG [InstanceLoader] TypeOrmModule dependencies initialized +0ms
[Nest] 9936  - 15/08/2026, 19:32:42     LOG [InstanceLoader] TypeOrmModule dependencies initialized +0ms
[Nest] 9936  - 15/08/2026, 19:32:42     LOG [InstanceLoader] TypeOrmModule dependencies initialized +0ms
[Nest] 9936  - 15/08/2026, 19:32:42     LOG [InstanceLoader] TypeOrmModule dependencies initialized +1ms
[Nest] 9936  - 15/08/2026, 19:32:42     LOG [InstanceLoader] TypeOrmModule dependencies initialized +0ms
[Nest] 9936  - 15/08/2026, 19:32:42     LOG [InstanceLoader] TypeOrmModule dependencies initialized +0ms
[Nest] 9936  - 15/08/2026, 19:32:42     LOG [InstanceLoader] TypeOrmModule dependencies initialized +0ms
[Nest] 9936  - 15/08/2026, 19:32:42     LOG [InstanceLoader] TypeOrmModule dependencies initialized +0ms
[Nest] 9936  - 15/08/2026, 19:32:42     LOG [InstanceLoader] TypeOrmModule dependencies initialized +0ms
[Nest] 9936  - 15/08/2026, 19:32:42     LOG [InstanceLoader] TypeOrmModule dependencies initialized +1ms
[Nest] 9936  - 15/08/2026, 19:32:42     LOG [InstanceLoader] AuthModule dependencies initialized +14ms
[Nest] 9936  - 15/08/2026, 19:32:42     LOG [InstanceLoader] UsersModule dependencies initialized +0ms
[Nest] 9936  - 15/08/2026, 19:32:42     LOG [InstanceLoader] CreatorsModule dependencies initialized +1ms
[Nest] 9936  - 15/08/2026, 19:32:42     LOG [InstanceLoader] ProductsModule dependencies initialized +0ms
[Nest] 9936  - 15/08/2026, 19:32:42     LOG [InstanceLoader] SupportModule dependencies initialized +0ms
[Nest] 9936  - 15/08/2026, 19:32:42     LOG [InstanceLoader] TrendsModule dependencies initialized +0ms
[Nest] 9936  - 15/08/2026, 19:32:42     LOG [InstanceLoader] CombinationsModule dependencies initialized +1ms
[Nest] 9936  - 15/08/2026, 19:32:42     LOG [InstanceLoader] IngestionModule dependencies initialized +0ms
[Nest] 9936  - 15/08/2026, 19:32:42     LOG [InstanceLoader] VideosModule dependencies initialized +0ms
[Nest] 9936  - 15/08/2026, 19:32:42     LOG [InstanceLoader] BillingModule dependencies initialized +0ms
[Nest] 9936  - 15/08/2026, 19:32:42     LOG [InstanceLoader] VideogenModule dependencies initialized +1ms
[Nest] 9936  - 15/08/2026, 19:32:42     LOG [InstanceLoader] StudioModule dependencies initialized +0ms
[Nest] 9936  - 15/08/2026, 19:32:42     LOG [InstanceLoader] AnalyticsModule dependencies initialized +0ms
[Nest] 9936  - 15/08/2026, 19:32:42     LOG [InstanceLoader] CampaignsModule dependencies initialized +0ms
[Nest] 9936  - 15/08/2026, 19:32:42     LOG [RoutesResolver] AuthController {/api/v1/auth}: +52ms
[Nest] 9936  - 15/08/2026, 19:32:42     LOG [RouterExplorer] Mapped {/api/v1/auth/config, GET} route +2ms
[Nest] 9936  - 15/08/2026, 19:32:42     LOG [RouterExplorer] Mapped {/api/v1/auth/register, POST} route +1ms
[Nest] 9936  - 15/08/2026, 19:32:42     LOG [RouterExplorer] Mapped {/api/v1/auth/login, POST} route +0ms
[Nest] 9936  - 15/08/2026, 19:32:42     LOG [RouterExplorer] Mapped {/api/v1/auth/confirm, GET} route +1ms
[Nest] 9936  - 15/08/2026, 19:32:42     LOG [RouterExplorer] Mapped {/api/v1/auth/resend, POST} route +0ms
[Nest] 9936  - 15/08/2026, 19:32:42     LOG [RouterExplorer] Mapped {/api/v1/auth/forgot-password, POST} route +0ms
[Nest] 9936  - 15/08/2026, 19:32:42     LOG [RouterExplorer] Mapped {/api/v1/auth/reset-password, POST} route +1ms
[Nest] 9936  - 15/08/2026, 19:32:42     LOG [RouterExplorer] Mapped {/api/v1/auth/dev-login, POST} route +0ms
[Nest] 9936  - 15/08/2026, 19:32:42     LOG [RoutesResolver] UsersController {/api/v1/users}: +0ms
[Nest] 9936  - 15/08/2026, 19:32:42     LOG [RouterExplorer] Mapped {/api/v1/users/me, GET} route +1ms
[Nest] 9936  - 15/08/2026, 19:32:42     LOG [RouterExplorer] Mapped {/api/v1/users/me, PATCH} route +0ms
[Nest] 9936  - 15/08/2026, 19:32:42     LOG [RoutesResolver] BillingController {/api/v1/billing}: +0ms
[Nest] 9936  - 15/08/2026, 19:32:42     LOG [RouterExplorer] Mapped {/api/v1/billing/checkout, POST} route +0ms
[Nest] 9936  - 15/08/2026, 19:32:42     LOG [RouterExplorer] Mapped {/api/v1/billing/checkout/confirm, POST} route +1ms
[Nest] 9936  - 15/08/2026, 19:32:42     LOG [RouterExplorer] Mapped {/api/v1/billing/wallet, GET} route +0ms
[Nest] 9936  - 15/08/2026, 19:32:42     LOG [RouterExplorer] Mapped {/api/v1/billing/plans, GET} route +0ms
[Nest] 9936  - 15/08/2026, 19:32:42     LOG [RouterExplorer] Mapped {/api/v1/billing/packs, GET} route +0ms
[Nest] 9936  - 15/08/2026, 19:32:42     LOG [RouterExplorer] Mapped {/api/v1/billing/packs/purchase, POST} route +0ms
[Nest] 9936  - 15/08/2026, 19:32:42     LOG [RouterExplorer] Mapped {/api/v1/billing/subscribe, POST} route +1ms
[Nest] 9936  - 15/08/2026, 19:32:42     LOG [RoutesResolver] StripeWebhookController {/api/v1/billing/stripe}: +0ms
[Nest] 9936  - 15/08/2026, 19:32:42     LOG [RouterExplorer] Mapped {/api/v1/billing/stripe/webhook, POST} route +0ms
[Nest] 9936  - 15/08/2026, 19:32:42     LOG [RoutesResolver] CampaignsController {/api/v1/campaigns}: +0ms
[Nest] 9936  - 15/08/2026, 19:32:42     LOG [RouterExplorer] Mapped {/api/v1/campaigns/persona-options, GET} route +1ms
[Nest] 9936  - 15/08/2026, 19:32:42     LOG [RouterExplorer] Mapped {/api/v1/campaigns/pricing, GET} route +0ms
[Nest] 9936  - 15/08/2026, 19:32:42     LOG [RouterExplorer] Mapped {/api/v1/campaigns/products, POST} route +0ms
[Nest] 9936  - 15/08/2026, 19:32:42     LOG [RouterExplorer] Mapped {/api/v1/campaigns/products, GET} route +0ms
[Nest] 9936  - 15/08/2026, 19:32:42     LOG [RouterExplorer] Mapped {/api/v1/campaigns/products/:id/photos, POST} route +1ms
[Nest] 9936  - 15/08/2026, 19:32:42     LOG [RouterExplorer] Mapped {/api/v1/campaigns/products/:id/photos, DELETE} route +0ms
[Nest] 9936  - 15/08/2026, 19:32:42     LOG [RouterExplorer] Mapped {/api/v1/campaigns/products/:id, DELETE} route +0ms
[Nest] 9936  - 15/08/2026, 19:32:42     LOG [RouterExplorer] Mapped {/api/v1/campaigns/personas, POST} route +0ms
[Nest] 9936  - 15/08/2026, 19:32:42     LOG [RouterExplorer] Mapped {/api/v1/campaigns/personas, GET} route +0ms
[Nest] 9936  - 15/08/2026, 19:32:42     LOG [RouterExplorer] Mapped {/api/v1/campaigns/personas/:id, GET} route +1ms
[Nest] 9936  - 15/08/2026, 19:32:42     LOG [RouterExplorer] Mapped {/api/v1/campaigns/personas/:id, DELETE} route +0ms
[Nest] 9936  - 15/08/2026, 19:32:42     LOG [RouterExplorer] Mapped {/api/v1/campaigns, POST} route +0ms
[Nest] 9936  - 15/08/2026, 19:32:42     LOG [RouterExplorer] Mapped {/api/v1/campaigns, GET} route +0ms
[Nest] 9936  - 15/08/2026, 19:32:42     LOG [RouterExplorer] Mapped {/api/v1/campaigns/:id, GET} route +1ms
[Nest] 9936  - 15/08/2026, 19:32:42     LOG [RouterExplorer] Mapped {/api/v1/campaigns/:id/script, POST} route +0ms
[Nest] 9936  - 15/08/2026, 19:32:42     LOG [RouterExplorer] Mapped {/api/v1/campaigns/:id/assemble, POST} route +0ms
[Nest] 9936  - 15/08/2026, 19:32:42     LOG [RouterExplorer] Mapped {/api/v1/campaigns/:id/refresh, GET} route +0ms
[Nest] 9936  - 15/08/2026, 19:32:42     LOG [RouterExplorer] Mapped {/api/v1/campaigns/:id, DELETE} route +1ms
[Nest] 9936  - 15/08/2026, 19:32:42     LOG [RouterExplorer] Mapped {/api/v1/campaigns/scenes/:sceneId, PATCH} route +0ms
[Nest] 9936  - 15/08/2026, 19:32:42     LOG [RouterExplorer] Mapped {/api/v1/campaigns/scenes/:sceneId/render, POST} route +0ms
[Nest] 9936  - 15/08/2026, 19:32:42     LOG [RoutesResolver] MediaController {/api/v1/media}: +0ms
[Nest] 9936  - 15/08/2026, 19:32:42     LOG [RouterExplorer] Mapped {/api/v1/media/s3/*, GET} route +0ms
[Nest] 9936  - 15/08/2026, 19:32:42     LOG [RouterExplorer] Mapped {/api/v1/media/proxy, GET} route +1ms
[Nest] 9936  - 15/08/2026, 19:32:42     LOG [RoutesResolver] StudioController {/api/v1/studio}: +0ms
[Nest] 9936  - 15/08/2026, 19:32:42     LOG [RouterExplorer] Mapped {/api/v1/studio/transcribe, POST} route +0ms
[Nest] 9936  - 15/08/2026, 19:32:42     LOG [RouterExplorer] Mapped {/api/v1/studio/product-image, POST} route +0ms
[Nest] 9936  - 15/08/2026, 19:32:42     LOG [RouterExplorer] Mapped {/api/v1/studio/analyze, POST} route +0ms
[Nest] 9936  - 15/08/2026, 19:32:42     LOG [RouterExplorer] Mapped {/api/v1/studio/scripts/generate, POST} route +0ms
[Nest] 9936  - 15/08/2026, 19:32:42     LOG [RouterExplorer] Mapped {/api/v1/studio/scripts, GET} route +1ms
[Nest] 9936  - 15/08/2026, 19:32:42     LOG [RouterExplorer] Mapped {/api/v1/studio/scripts/:id, DELETE} route +0ms
[Nest] 9936  - 15/08/2026, 19:32:42     LOG [RouterExplorer] Mapped {/api/v1/studio/prompts, GET} route +0ms
[Nest] 9936  - 15/08/2026, 19:32:42     LOG [RouterExplorer] Mapped {/api/v1/studio/prompts/refresh/status, GET} route +0ms
[Nest] 9936  - 15/08/2026, 19:32:42     LOG [RouterExplorer] Mapped {/api/v1/studio/prompts/refresh, POST} route +0ms
[Nest] 9936  - 15/08/2026, 19:32:42     LOG [RoutesResolver] VideogenController {/api/v1/videogen}: +0ms
[Nest] 9936  - 15/08/2026, 19:32:42     LOG [RouterExplorer] Mapped {/api/v1/videogen, POST} route +1ms
[Nest] 9936  - 15/08/2026, 19:32:42     LOG [RouterExplorer] Mapped {/api/v1/videogen, GET} route +0ms
[Nest] 9936  - 15/08/2026, 19:32:42     LOG [RouterExplorer] Mapped {/api/v1/videogen/:id, GET} route +0ms
[Nest] 9936  - 15/08/2026, 19:32:42     LOG [RouterExplorer] Mapped {/api/v1/videogen/:id, DELETE} route +0ms
[Nest] 9936  - 15/08/2026, 19:32:42     LOG [RoutesResolver] CombinationsController {/api/v1/combinations}: +1ms
[Nest] 9936  - 15/08/2026, 19:32:42     LOG [RouterExplorer] Mapped {/api/v1/combinations, POST} route +0ms
[Nest] 9936  - 15/08/2026, 19:32:42     LOG [RouterExplorer] Mapped {/api/v1/combinations/clips, POST} route +0ms
[Nest] 9936  - 15/08/2026, 19:32:42     LOG [RouterExplorer] Mapped {/api/v1/combinations/clips, GET} route +0ms
[Nest] 9936  - 15/08/2026, 19:32:42     LOG [RouterExplorer] Mapped {/api/v1/combinations/clips/:id, DELETE} route +0ms
[Nest] 9936  - 15/08/2026, 19:32:42     LOG [RouterExplorer] Mapped {/api/v1/combinations/gallery, GET} route +1ms
[Nest] 9936  - 15/08/2026, 19:32:42     LOG [RouterExplorer] Mapped {/api/v1/combinations, GET} route +0ms
[Nest] 9936  - 15/08/2026, 19:32:42     LOG [RouterExplorer] Mapped {/api/v1/combinations/:id, GET} route +0ms
[Nest] 9936  - 15/08/2026, 19:32:42     LOG [RouterExplorer] Mapped {/api/v1/combinations/:id/render, POST} route +0ms
[Nest] 9936  - 15/08/2026, 19:32:42     LOG [RouterExplorer] Mapped {/api/v1/combinations/:id/videos, GET} route +0ms
[Nest] 9936  - 15/08/2026, 19:32:42     LOG [RouterExplorer] Mapped {/api/v1/combinations/:id, DELETE} route +0ms
[Nest] 9936  - 15/08/2026, 19:32:42     LOG [RoutesResolver] CreatorsController {/api/v1/creators}: +1ms
[Nest] 9936  - 15/08/2026, 19:32:42     LOG [RouterExplorer] Mapped {/api/v1/creators, GET} route +0ms
[Nest] 9936  - 15/08/2026, 19:32:42     LOG [RouterExplorer] Mapped {/api/v1/creators/categories, GET} route +0ms
[Nest] 9936  - 15/08/2026, 19:32:42     LOG [RoutesResolver] IngestionController {/api/v1/ingestion}: +0ms
[Nest] 9936  - 15/08/2026, 19:32:42     LOG [RouterExplorer] Mapped {/api/v1/ingestion/run, POST} route +0ms
[Nest] 9936  - 15/08/2026, 19:32:42     LOG [RouterExplorer] Mapped {/api/v1/ingestion/status, GET} route +1ms
[Nest] 9936  - 15/08/2026, 19:32:42     LOG [RouterExplorer] Mapped {/api/v1/ingestion/runs, GET} route +0ms
[Nest] 9936  - 15/08/2026, 19:32:42     LOG [RouterExplorer] Mapped {/api/v1/ingestion/schedule, GET} route +0ms
[Nest] 9936  - 15/08/2026, 19:32:42     LOG [RouterExplorer] Mapped {/api/v1/ingestion/schedule, PATCH} route +0ms
[Nest] 9936  - 15/08/2026, 19:32:42     LOG [RoutesResolver] ProductsController {/api/v1/products}: +0ms
[Nest] 9936  - 15/08/2026, 19:32:42     LOG [RouterExplorer] Mapped {/api/v1/products, GET} route +0ms
[Nest] 9936  - 15/08/2026, 19:32:42     LOG [RouterExplorer] Mapped {/api/v1/products/sections, GET} route +1ms
[Nest] 9936  - 15/08/2026, 19:32:42     LOG [RouterExplorer] Mapped {/api/v1/products/categories, GET} route +0ms
[Nest] 9936  - 15/08/2026, 19:32:42     LOG [RouterExplorer] Mapped {/api/v1/products/filters, GET} route +0ms
[Nest] 9936  - 15/08/2026, 19:32:42     LOG [RouterExplorer] Mapped {/api/v1/products/favorites, GET} route +0ms
[Nest] 9936  - 15/08/2026, 19:32:42     LOG [RouterExplorer] Mapped {/api/v1/products/:id, GET} route +0ms
[Nest] 9936  - 15/08/2026, 19:32:42     LOG [RouterExplorer] Mapped {/api/v1/products/:id/favorite, POST} route +0ms
[Nest] 9936  - 15/08/2026, 19:32:42     LOG [RoutesResolver] SupportController {/api/v1/support}: +0ms
[Nest] 9936  - 15/08/2026, 19:32:42     LOG [RouterExplorer] Mapped {/api/v1/support/messages, GET} route +1ms
[Nest] 9936  - 15/08/2026, 19:32:42     LOG [RouterExplorer] Mapped {/api/v1/support/messages, POST} route +0ms
[Nest] 9936  - 15/08/2026, 19:32:42     LOG [RoutesResolver] AnalyticsController {/api/v1/analytics}: +0ms
[Nest] 9936  - 15/08/2026, 19:32:42     LOG [RouterExplorer] Mapped {/api/v1/analytics/overview, GET} route +0ms
[Nest] 9936  - 15/08/2026, 19:32:42     LOG [RouterExplorer] Mapped {/api/v1/analytics/next-update, GET} route +0ms
[Nest] 9936  - 15/08/2026, 19:32:42     LOG [RoutesResolver] TrendsController {/api/v1/trends}: +0ms
[Nest] 9936  - 15/08/2026, 19:32:42     LOG [RouterExplorer] Mapped {/api/v1/trends, POST} route +1ms
[Nest] 9936  - 15/08/2026, 19:32:42     LOG [RouterExplorer] Mapped {/api/v1/trends, GET} route +0ms
[Nest] 9936  - 15/08/2026, 19:32:42     LOG [RouterExplorer] Mapped {/api/v1/trends/overview, GET} route +0ms
[Nest] 9936  - 15/08/2026, 19:32:42     LOG [RouterExplorer] Mapped {/api/v1/trends/:id, GET} route +0ms
[Nest] 9936  - 15/08/2026, 19:32:42     LOG [RoutesResolver] VideosController {/api/v1/videos}: +1ms
[Nest] 9936  - 15/08/2026, 19:32:42     LOG [RouterExplorer] Mapped {/api/v1/videos, GET} route +0ms
[Nest] 9936  - 15/08/2026, 19:32:42     LOG [RouterExplorer] Mapped {/api/v1/videos/sections, GET} route +0ms
[Nest] 9936  - 15/08/2026, 19:32:42     LOG [RouterExplorer] Mapped {/api/v1/videos/categories, GET} route +0ms
[Nest] 9936  - 15/08/2026, 19:32:42     LOG [RouterExplorer] Mapped {/api/v1/videos/:id, GET} route +0ms
[Nest] 9936  - 15/08/2026, 19:32:42     LOG [RouterExplorer] Mapped {/api/v1/videos/:id/playback, GET} route +1ms
[Nest] 9936  - 15/08/2026, 19:32:42     LOG [RouterExplorer] Mapped {/api/v1/videos/:id/save, POST} route +0ms
[Nest] 9936  - 15/08/2026, 19:32:42     LOG [BillingService] Tabela de preços validada: todas as margens ≥ mínimo.
[Nest] 9936  - 15/08/2026, 19:32:43     LOG [StripeService] Stripe: 6 de 6 preços conferidos contra o billing.config.
[Nest] 9936  - 15/08/2026, 19:32:43     LOG [PromptRefreshService] Atualização do Cofre agendada: "0 0 4 * * 1"
[Nest] 9936  - 15/08/2026, 19:32:43     LOG [IngestionService] Agendamento da ingestão desativado
[Nest] 9936  - 15/08/2026, 19:32:43     LOG [NestApplication] Nest application successfully started +213ms
